Starting Dynare (version 6.5).
Calling Dynare with arguments: none
Starting preprocessing of the model file ... 
Found 6 equation(s). 
Evaluating expressions... 
Computing static model derivatives (order 1). 
Normalizing the static model... 
Finding the optimal block decomposition of the static model... 
2 block(s) found: 
  1 recursive block(s) and 1 simultaneous block(s). 
  the largest simultaneous block has 5 equation(s) 
                                 and 5 feedback variable(s). 
Computing dynamic model derivatives (order 1). 
Normalizing the dynamic model... 
Finding the optimal block decomposition of the dynamic model... 
2 block(s) found: 
  1 recursive block(s) and 1 simultaneous block(s). 
  the largest simultaneous block has 5 equation(s) 
                                 and 5 feedback variable(s). 
Preprocessing completed. 
Preprocessing time: 0h00m00s.

MODEL SUMMARY

  Number of variables:         6
  Number of stochastic shocks: 1
  Number of state variables:   2
  Number of jumpers:           2
  Number of static variables:  2


MATRIX OF COVARIANCE OF EXOGENOUS SHOCKS
Variables         eps
eps          1.000000

POLICY AND TRANSITION FUNCTIONS
                                   log(C)               log(Y)               log(K)               log(Z)               log(I)               log(L)
Constant                        -0.495320            -0.177029            -0.090452                    0            -1.476747            -0.219671
log(K(-1))                       0.234933             0.237165             0.810780                    0             0.243120            -0.138560
log(Z(-1))                       0.369054             0.697042             0.393049             0.800000             1.572198            -0.153669
eps                              0.461318             0.871302             0.491312             1.000000             1.965247            -0.192086


THEORETICAL MOMENTS
VARIABLE         MEAN  STD. DEV.   VARIANCE
log(C)        -0.4953     1.3310     1.7714
log(Y)        -0.1770     1.9772     3.9094
log(K)        -0.0905     3.0302     9.1818
log(Z)         0.0000     1.6667     2.7778
log(I)        -1.4767     3.7736    14.2402
log(L)        -0.2197     0.6665     0.4442



MATRIX OF CORRELATIONS
Variables     log(C)   log(Y)   log(K)   log(Z)   log(I)   log(L)
log(C)        1.0000   0.9896   0.9669   0.9068   0.9608  -0.9964
log(Y)        0.9896   1.0000   0.9200   0.9581   0.9908  -0.9739
log(K)        0.9669   0.9200   1.0000   0.7691   0.8583  -0.9850
log(Z)        0.9068   0.9581   0.7691   1.0000   0.9881  -0.8680
log(I)        0.9608   0.9908   0.8583   0.9881   1.0000  -0.9341
log(L)       -0.9964  -0.9739  -0.9850  -0.8680  -0.9341   1.0000



COEFFICIENTS OF AUTOCORRELATION
Order          1       2       3       4       5
log(C)    0.9362  0.8594  0.7770  0.6942  0.6142
log(Y)    0.8973  0.7967  0.7013  0.6129  0.5324
log(K)    0.9770  0.9252  0.8565  0.7796  0.7002
log(Z)    0.8000  0.6400  0.5120  0.4096  0.3277
log(I)    0.8537  0.7264  0.6164  0.5217  0.4406
log(L)    0.9540  0.8881  0.8118  0.7315  0.6518
[Warning: Exported image displays axes toolbar. To remove axes toolbar from image, export again.] 
Total computing time : 0h00m02s
Note: warning(s) encountered in MATLAB/Octave code
